../Core/Src/main.c:142:6:microDelay	16	static
../Core/Src/main.c:162:9:DHT22_Start	40	static
../Core/Src/main.c:193:9:DHT22_Read	24	static
../Core/Src/main.c:230:6:Display_Temp	80	static
../Core/Src/main.c:260:6:Display_Temp_EXT	56	static
../Core/Src/main.c:300:6:FireExit	8	static
../Core/Src/main.c:368:6:Modalita	24	static
../Core/Src/main.c:1507:5:main	24	static
../Core/Src/main.c:2041:6:SystemClock_Config	88	static
../Core/Src/main.c:2088:13:MX_ADC1_Init	24	static
../Core/Src/main.c:2140:13:MX_ADC2_Init	24	static
../Core/Src/main.c:2192:13:MX_I2C1_Init	8	static
../Core/Src/main.c:2226:13:MX_I2C2_Init	8	static
../Core/Src/main.c:2260:13:MX_TIM1_Init	32	static
../Core/Src/main.c:2306:13:MX_TIM2_Init	64	static
../Core/Src/main.c:2369:13:MX_TIM3_Init	48	static
../Core/Src/main.c:2422:13:MX_TIM4_Init	64	static
../Core/Src/main.c:2485:13:MX_TIM5_Init	64	static
../Core/Src/main.c:2544:13:MX_USART3_UART_Init	8	static
../Core/Src/main.c:2577:13:MX_GPIO_Init	48	static
../Core/Src/main.c:2629:6:Error_Handler	4	static,ignoring_inline_asm
